
> frontend@0.0.0 build
> tsc -b && vite build

src/pages/MyListPage.tsx(548,11): error TS6133: 'totalHeight' is declared but its value is never read.
src/pages/MyListPage.tsx(750,74): error TS6133: 'idx' is declared but its value is never read.
